12iimir 5 4 3 2 1120
r 5 4 3 2 1r 5 4 3 2 1a0
a1
a2
4a1stt
rval4
avft
m
pass5tu4k

Completion took 2 ms