11010101111113320112210nynnnaana12
Completion took 0 ms