O -1 2 0 2 1 1 2 0 2 1 1 S 3 1 2 3 0
Completion took 0 ms